[2025-05-30 19:35:44 UTC] Storage diagnostic results: {
  "timestamp": "2025-05-30T19:35:44.198785+00:00",
  "log_dir_exists": true,
  "log_dir_writable": true,
  "data_dir_exists": true,
  "data_dir_writable": true,
  "python_version": "3.10.9 (main, Mar  1 2023, 12:20:14) [Clang 14.0.6 ]",
  "files_check": {
    "surveys.csv": {
      "exists": true,
      "size": 352,
      "wable": true,
      "last_modified": "2025-05-30T21:35:44.198546"
    },
    "tasks.csv": {
      "exists": true,
      "size": 246,
      "wable": true,
      "last_modified": "2025-05-30T21:35:44.198333"
    },
    "interactions.csv": {
      "exists": true,
      "size": 231,
      "wable": true,
      "last_modified": "2025-05-30T21:35:44.198412"
    }
  }
}
[2025-05-30 19:35:44 UTC] Storage diagnostic results: {
  "timestamp": "2025-05-30T19:35:44.199132+00:00",
  "log_dir_exists": true,
  "log_dir_writable": true,
  "data_dir_exists": true,
  "data_dir_writable": true,
  "python_version": "3.10.9 (main, Mar  1 2023, 12:20:14) [Clang 14.0.6 ]",
  "files_check": {
    "surveys.csv": {
      "exists": true,
      "size": 352,
      "wable": true,
      "last_modified": "2025-05-30T21:35:44.198546"
    },
    "tasks.csv": {
      "exists": true,
      "size": 246,
      "wable": true,
      "last_modified": "2025-05-30T21:35:44.198333"
    },
    "interactions.csv": {
      "exists": true,
      "size": 231,
      "wable": true,
      "last_modified": "2025-05-30T21:35:44.198412"
    }
  }
}
[2025-05-30 19:36:48 UTC] Storage diagnostic results: {
  "timestamp": "2025-05-30T19:36:48.147121+00:00",
  "log_dir_exists": true,
  "log_dir_writable": true,
  "data_dir_exists": true,
  "data_dir_writable": true,
  "python_version": "3.10.9 (main, Mar  1 2023, 12:20:14) [Clang 14.0.6 ]",
  "files_check": {
    "surveys.csv": {
      "exists": true,
      "size": 352,
      "wable": true,
      "last_modified": "2025-05-30T21:35:44.198546"
    },
    "tasks.csv": {
      "exists": true,
      "size": 246,
      "wable": true,
      "last_modified": "2025-05-30T21:35:44.198333"
    },
    "interactions.csv": {
      "exists": true,
      "size": 476,
      "wable": true,
      "last_modified": "2025-05-30T21:36:05.993252"
    }
  }
}
[2025-05-30 19:36:48 UTC] Storage diagnostic results: {
  "timestamp": "2025-05-30T19:36:48.150437+00:00",
  "log_dir_exists": true,
  "log_dir_writable": true,
  "data_dir_exists": true,
  "data_dir_writable": true,
  "python_version": "3.10.9 (main, Mar  1 2023, 12:20:14) [Clang 14.0.6 ]",
  "files_check": {
    "surveys.csv": {
      "exists": true,
      "size": 352,
      "wable": true,
      "last_modified": "2025-05-30T21:35:44.198546"
    },
    "tasks.csv": {
      "exists": true,
      "size": 246,
      "wable": true,
      "last_modified": "2025-05-30T21:35:44.198333"
    },
    "interactions.csv": {
      "exists": true,
      "size": 476,
      "wable": true,
      "last_modified": "2025-05-30T21:36:05.993252"
    }
  }
}
[2025-05-30 19:41:00 UTC] Storage diagnostic results: {
  "timestamp": "2025-05-30T19:41:00.282454+00:00",
  "log_dir_exists": true,
  "log_dir_writable": true,
  "data_dir_exists": true,
  "data_dir_writable": true,
  "python_version": "3.10.9 (main, Mar  1 2023, 12:20:14) [Clang 14.0.6 ]",
  "files_check": {
    "surveys.csv": {
      "exists": true,
      "size": 352,
      "wable": true,
      "last_modified": "2025-05-30T21:35:44.198546"
    },
    "tasks.csv": {
      "exists": true,
      "size": 2271,
      "wable": true,
      "last_modified": "2025-05-30T21:39:28.845150"
    },
    "interactions.csv": {
      "exists": true,
      "size": 3633,
      "wable": true,
      "last_modified": "2025-05-30T21:39:28.850173"
    }
  }
}
[2025-05-30 19:41:00 UTC] Storage diagnostic results: {
  "timestamp": "2025-05-30T19:41:00.283272+00:00",
  "log_dir_exists": true,
  "log_dir_writable": true,
  "data_dir_exists": true,
  "data_dir_writable": true,
  "python_version": "3.10.9 (main, Mar  1 2023, 12:20:14) [Clang 14.0.6 ]",
  "files_check": {
    "surveys.csv": {
      "exists": true,
      "size": 352,
      "wable": true,
      "last_modified": "2025-05-30T21:35:44.198546"
    },
    "tasks.csv": {
      "exists": true,
      "size": 2271,
      "wable": true,
      "last_modified": "2025-05-30T21:39:28.845150"
    },
    "interactions.csv": {
      "exists": true,
      "size": 3633,
      "wable": true,
      "last_modified": "2025-05-30T21:39:28.850173"
    }
  }
}
